[?25l[?25hecho show me
show me
[?25l[?25hdon't show me
[?25l[?25hecho show me
show me
[?25l[?25hdon't show me
